12:13:19 **** Auto Build of configuration Debug for project PinkCobra_mk1 ****
make pre-build main-build 
a9-linaro-pre-build-step
' '
'Building file: ../src/PinkCorbra_mk1.c'
'Invoking: ARM v7 gcc compiler'
arm-none-eabi-gcc -Wall -O0 -g3 -c -fmessage-length=0 -MT"src/PinkCorbra_mk1.o" -mcpu=cortex-a9 -mfpu=vfpv3 -mfloat-abi=hard -I../../PinkCobra_mk1_bsp/ps7_cortexa9_0/include -MMD -MP -MF"src/PinkCorbra_mk1.d" -MT"src/PinkCorbra_mk1.o" -o "src/PinkCorbra_mk1.o" "../src/PinkCorbra_mk1.c"
'Finished building: ../src/PinkCorbra_mk1.c'
' '
'Building file: ../src/interupts.c'
'Invoking: ARM v7 gcc compiler'
arm-none-eabi-gcc -Wall -O0 -g3 -c -fmessage-length=0 -MT"src/interupts.o" -mcpu=cortex-a9 -mfpu=vfpv3 -mfloat-abi=hard -I../../PinkCobra_mk1_bsp/ps7_cortexa9_0/include -MMD -MP -MF"src/interupts.d" -MT"src/interupts.o" -o "src/interupts.o" "../src/interupts.c"
'Finished building: ../src/interupts.c'
' '
'Building file: ../src/operationalMode.c'
'Invoking: ARM v7 gcc compiler'
arm-none-eabi-gcc -Wall -O0 -g3 -c -fmessage-length=0 -MT"src/operationalMode.o" -mcpu=cortex-a9 -mfpu=vfpv3 -mfloat-abi=hard -I../../PinkCobra_mk1_bsp/ps7_cortexa9_0/include -MMD -MP -MF"src/operationalMode.d" -MT"src/operationalMode.o" -o "src/operationalMode.o" "../src/operationalMode.c"
'Finished building: ../src/operationalMode.c'
' '
'Building target: PinkCobra_mk1.elf'
'Invoking: ARM v7 gcc linker'
arm-none-eabi-gcc -mcpu=cortex-a9 -mfpu=vfpv3 -mfloat-abi=hard -Wl,-build-id=none -specs=Xilinx.spec -Wl,-T -Wl,../src/lscript.ld -L../../PinkCobra_mk1_bsp/ps7_cortexa9_0/lib -o "PinkCobra_mk1.elf"  ./src/PIDcontroller.o ./src/PinkCorbra_mk1.o ./src/bluetooth.o ./src/hullEffect.o ./src/interupts.o ./src/oLED.o ./src/operationalMode.o ./src/pixy.o ./src/platform.o ./src/utrasonic.o   -Wl,--start-group,-lxil,-lgcc,-lc,--end-group
'Finished building target: PinkCobra_mk1.elf'
' '
'Invoking: ARM v7 Print Size'
arm-none-eabi-size PinkCobra_mk1.elf  |tee "PinkCobra_mk1.elf.size"
   text	   data	    bss	    dec	    hex	filename
 116660	   4436	  24364	 145460	  23834	PinkCobra_mk1.elf
'Finished building: PinkCobra_mk1.elf.size'
' '

12:13:20 Build Finished (took 1s.20ms)

